ん	x00:推量-高確実性,APPEND0:ん.だろ.う,1:だろ,2:う,
ん	x00:疑問,APPEND1:ん.だろ.う,1:だろ,2:う,
て	x00:許可,APPEND2:て.も.いい.です,1:も,2:いい,3:です,
と	x00:否定,APPEND3:と.は.限ら.ない,1:は,2:限ら,3:ない,
事	x00:自然発生,APPEND4:事.に.なる,1:に,2:なる,
ヨ	x00:態度,APPEND5:ヨ,
ん	x00:疑問,APPEND6:ん.じゃ.ない.でしょ.う.か,1:じゃ,2:ない,3:でしょ,4:う,5:か,
に	x00:逆接確定,APPEND7:に.も.かかわら.ず,1:も,2:かかわら,3:ず,
たかっ	x00:願望,APPEND8:たかっ,
の	x00:勧め,APPEND9:の.方.が.いい,1:方,2:が,3:いい,
の	x00:否定,APPEND10:の.で.は.なく,1:で,2:は,3:なく,
よう	x00:自然発生,APPEND11:よう.に.なり.ます,1:に,2:なり,3:ます,
とか	x00:例示,APPEND12:とか,
と	x00:比較,APPEND13:と.言う.より,1:言う,2:より,
で	x00:判断,APPEND14:で.あっ,1:あっ,
よう	x00:自然発生,APPEND15:よう.に.なり.まし,1:に,2:なり,3:まし,
やすい	x00:容易,APPEND16:やすい,
が	x00:困難,APPEND17:が.たく,1:たく,
致し	x00:判断,APPEND18:致し.ます,1:ます,
て	x00:着継続,APPEND19:て.いけれ,1:いけれ,
ネ	x00:態度,APPEND20:ネ,
です	x00:疑問,APPEND21:です.か.ね,1:か,2:ね,
他	x00:添加,APPEND22:他.に,1:に,
に	x00:場合,APPEND23:に.も.より.ます,1:も,2:より,3:ます,
て	x00:結果状態,APPEND24:て.おき.ます,1:おき,2:ます,
事	x00:不可能,APPEND25:事.が.でき.ませ.ん,1:が,2:でき,3:ませ,4:ん,
の	x00:判断,APPEND26:の.で.あれ,1:で,2:あれ,
の	x00:否定,APPEND27:の.で.あれ,1:で,2:あれ,
ましょ	x00:勧め,APPEND28:ましょ,
て	x00:試行,APPEND29:て.みれ,1:みれ,
て	x00:試行,APPEND30:て.みる,1:みる,
て	x00:試行,APPEND31:て.みよ,1:みよ,
て	x00:結果状態,APPEND32:て.おき.まし,1:おき,2:まし,
が	x00:勧め,APPEND33:が.良い.です,1:良い,2:です,
が	x00:比況,APPEND34:が.ごとく,1:ごとく,
の	x00:疑問,APPEND35:の.で.は,1:で,2:は,
訳	x00:否定,APPEND36:訳.で.も.あり.ませ.ん,1:で,2:も,3:あり,4:ませ,5:ん,
なかっ	x00:否定,APPEND37:なかっ,
た	x00:事後,APPEND38:た.ばかり,1:ばかり,
の	x00:判断,APPEND39:の.で.つ,1:で,2:つ,
って	x00:否定,APPEND40:って,
って	x00:内容,APPEND41:って,
た	x00:勧め,APPEND42:た.ほう.が.いい.です,1:ほう,2:が,3:いい,4:です,
た	x00:比較,APPEND43:た.方,1:方,
た	x00:勧め,APPEND44:た.方,1:方,
の	x00:推量-高確実性,APPEND45:の.でしょ.う,1:でしょ,2:う,
の	x00:疑問,APPEND46:の.でしょ.う,1:でしょ,2:う,
で	x00:許可,APPEND47:で.も.良い,1:も,2:良い,
ん	x00:判断,APPEND48:ん.だ,1:だ,
で	x00:結果状態,APPEND49:で.おく,1:おく,
と	x00:勧め,APPEND50:と.よい.です,1:よい,2:です,
で	x00:結果状態,APPEND51:で.おけ,1:おけ,
もの	x00:理由,APPEND52:もの.です.から,1:です,2:から,
事	x00:可能,APPEND53:事.は.でき.ませ,1:は,2:でき,3:ませ,
こと	x00:可能,APPEND54:こと.の.できる,1:の,2:できる,
じゃ	x00:疑問,APPEND55:じゃ.ない.ん.です.か,1:ない,2:ん,3:です,4:か,
に対して	x00:対比,APPEND56:に対して,
まま	x00:付帯-続行,APPEND57:まま,
の	x00:疑問,APPEND58:の.で.は.ない.でしょ.か,1:で,2:は,3:ない,4:でしょ,5:か,
訳	x00:否定,APPEND59:訳.じゃ.ない.です,1:じゃ,2:ない,3:です,
ん	x00:疑問,APPEND60:ん.かぁ,1:かぁ,
まで	x00:程度,APPEND61:まで,
まで	x00:終点,APPEND62:まで,
という	x00:判断,APPEND63:という.事,1:事,
という	x00:伝聞,APPEND64:という.事,1:事,
まし	x00:判断,APPEND65:まし,
ます	x00:判断,APPEND66:ます,
ます	x00:,APPEND67:ます,
ます	x00:話題,APPEND68:ます,
ませ	x00:判断,APPEND69:ませ,
ませ	x00:態度,APPEND70:ませ,
た	x00:勧め,APPEND71:た.方.が.良い,1:方,2:が,3:良い,
のみ	x00:程度,APPEND72:のみ,
無い	x00:否定,APPEND73:無い.です,1:です,
で	x00:推量-高確実性,APPEND74:で.あろ.う,1:あろ,2:う,
やすく	x00:容易,APPEND75:やすく,
ない	x00:当為,APPEND76:ない.と.いけ.ませ.ん,1:と,2:いけ,3:ませ,4:ん,
こと	x00:可能,APPEND77:こと.が.でき.ます,1:が,2:でき,3:ます,
どころ	x00:程度,APPEND78:どころ,
こと	x00:可能,APPEND79:こと.が.でき.ませ,1:が,2:でき,3:ませ,
尽くし	x00:判断,APPEND80:尽くし,
よー	x00:願望,APPEND81:よー.に,1:に,
て	x00:結果状態,APPEND82:て.おこ,1:おこ,
なきゃ	x00:当為,APPEND83:なきゃ.いけ.なかっ,1:いけ,2:なかっ,
て	x00:経歴,APPEND84:て.いる,1:いる,
て	x00:習慣,APPEND85:て.いる,1:いる,
て	x00:継続,APPEND86:て.いる,1:いる,
て	x00:結果状態,APPEND87:て.いる,1:いる,
させる	x00:使役,APPEND88:させる,
なれ	x00:自然発生,APPEND89:なれ.ます,1:ます,
て	x00:習慣,APPEND90:て.いれ,1:いれ,
て	x00:継続,APPEND91:て.いれ,1:いれ,
て	x00:結果状態,APPEND92:て.いれ,1:いれ,
じゃ	x00:判断,APPEND93:じゃ,
の	x00:勧め,APPEND94:の.ほう.が.いい,1:ほう,2:が,3:いい,
と	x00:自然発生,APPEND95:と.なり.ます,1:なり,2:ます,
の	x00:疑問,APPEND96:の.で.は.ない.か,1:で,2:は,3:ない,4:か,
ない	x00:疑問,APPEND97:ない.です.か,1:です,2:か,
かも	x00:推量-不確実,APPEND98:かも.しれ.ない,1:しれ,2:ない,
だっ	x00:判断,APPEND99:だっ,
て	x00:依頼,APPEND100:て.もらい.まし,1:もらい,2:まし,
て	x00:習慣,APPEND101:て.らっしゃい.ます,1:らっしゃい,2:ます,
て	x00:継続,APPEND102:て.らっしゃい.ます,1:らっしゃい,2:ます,
て	x00:依頼,APPEND103:て.もらい.ます,1:もらい,2:ます,
て	x00:依頼,APPEND104:て.下さ.〜.い,1:下さ,2:〜,3:い,
で	x00:完了,APPEND105:で.しまっ,1:しまっ,
の	x00:疑問,APPEND106:の.か.ね,1:か,2:ね,
ん	x00:否定,APPEND107:ん.じゃ.なく,1:じゃ,2:なく,
て	x00:依頼,APPEND108:て.いただい,1:いただい,
なく	x00:不必要,APPEND109:なく.て.も.良い,1:て,2:も,3:良い,
頂け	x00:依頼,APPEND110:頂け,
て	x00:着継続,APPEND111:て.来,1:来,
て	x00:方向,APPEND112:て.来,1:来,
たら	x00:勧め,APPEND113:たら.良い,1:良い,
で	x00:許可,APPEND114:で.、.良い,1:、,2:良い,
ん	x00:否定,APPEND115:ん.じゃ.ない,1:じゃ,2:ない,
ん	x00:疑問,APPEND116:ん.じゃ.ない,1:じゃ,2:ない,
たら	x00:勧め,APPEND117:たら.言い,1:言い,
ちゃ	x00:完了,APPEND118:ちゃ.い.ます,1:い,2:ます,
ちゃ	x00:無意志,APPEND119:ちゃ.い.ます,1:い,2:ます,
て	x00:許可,APPEND120:て.いい,1:いい,
ちゃ	x00:完了,APPEND121:ちゃ.い.ませ,1:い,2:ませ,
て	x00:発継続,APPEND122:て.いか,1:いか,
て	x00:方向,APPEND123:て.いか,1:いか,
ちゃ	x00:完了,APPEND124:ちゃ.い.まし,1:い,2:まし,
ちゃ	x00:無意志,APPEND125:ちゃ.い.まし,1:い,2:まし,
て	x00:発継続,APPEND126:て.いく,1:いく,
て	x00:方向,APPEND127:て.いく,1:いく,
の	x00:疑問,APPEND128:の.か,1:か,
て	x00:逆接仮定,APPEND129:て.も.いい,1:も,2:いい,
て	x00:許可,APPEND130:て.も.いい,1:も,2:いい,
て	x00:発継続,APPEND131:て.いけ,1:いけ,
て	x00:方向,APPEND132:て.いけ,1:いけ,
ん	x00:判断,APPEND133:ん.でし,1:でし,
もの	x00:判断,APPEND134:もの,
もの	x00:名詞化,APPEND135:もの,
もの	x00:感嘆,APPEND136:もの,
もの	x00:習慣,APPEND137:もの,
もの	x00:当為,APPEND138:もの,
こと	x00:理由,APPEND139:こと.です.し,1:です,2:し,
て	x00:結果状態,APPEND140:て.あり.まし,1:あり,2:まし,
ん	x00:判断,APPEND141:ん.です,1:です,
で	x00:否定,APPEND142:で.も.ない,1:も,2:ない,
ほか	x00:添加,APPEND143:ほか.に,1:に,
がち	x00:容易,APPEND144:がち.です,1:です,
と	x00:伝聞,APPEND145:と.の.こと,1:の,2:こと,
て	x00:継続,APPEND146:て.やれっ,1:やれっ,
せ	x00:受益,APPEND147:せ.て.くれる,1:て,2:くれる,
た	x00:勧め,APPEND148:た.ほう.が.よろしい,1:ほう,2:が,3:よろしい,
で	x00:継起,APPEND149:で.から,1:から,
の	x00:疑問,APPEND150:の.か.どう.か,1:か,2:どう,3:か,
ん	x00:疑問,APPEND151:ん.じゃ.ない.の,1:じゃ,2:ない,3:の,
で	x00:判断,APPEND152:で.ある,1:ある,
の	x00:判断,APPEND153:の.だ,1:だ,
の	x00:理由,APPEND154:の.で,1:で,
で	x00:判断,APPEND155:で.あれ,1:あれ,
たく	x00:願望,APPEND156:たく,
て	x00:習慣,APPEND157:て.い.まし,1:い,2:まし,
て	x00:継続,APPEND158:て.い.まし,1:い,2:まし,
て	x00:結果状態,APPEND159:て.い.まし,1:い,2:まし,
易い	x00:容易,APPEND160:易い,
と	x00:話題,APPEND161:と.いえ.ば,1:いえ,2:ば,
で	x00:方向,APPEND162:で.き,1:き,
たい	x00:願望,APPEND163:たい,
て	x00:習慣,APPEND164:て.い.ませ,1:い,2:ませ,
て	x00:継続,APPEND165:て.い.ませ,1:い,2:ませ,
て	x00:結果状態,APPEND166:て.い.ませ,1:い,2:ませ,
で	x00:継続,APPEND167:で.い,1:い,
で	x00:結果状態,APPEND168:で.い,1:い,
て	x00:自然発生,APPEND169:て.い.ます,1:い,2:ます,
て	x00:習慣,APPEND170:て.い.ます,1:い,2:ます,
て	x00:継続,APPEND171:て.い.ます,1:い,2:ます,
て	x00:結果状態,APPEND172:て.い.ます,1:い,2:ます,
かね	x00:推量-不確実,APPEND173:かね.ませ.ん,1:ませ,2:ん,
と	x00:勧め,APPEND174:と.良い,1:良い,
て	x00:結果状態,APPEND175:て.入る,1:入る,
位	x00:程度,APPEND176:位,
あり	x00:否定,APPEND177:あり.ませ.ん,1:ませ,2:ん,
あり	x00:疑問,APPEND178:あり.ませ.ん,1:ませ,2:ん,
て	x00:順接確定,APPEND179:て.入れ,1:入れ,
様	x00:様態,APPEND180:様,
様	x00:比況,APPEND181:様,
で	x00:順接仮定,APPEND182:で.は,1:は,
で	x00:疑問,APPEND183:で.は,1:は,
で	x00:順接限定,APPEND184:で.は,1:は,
て	x00:依頼,APPEND185:て.もらえ,1:もらえ,
て	x00:依頼,APPEND186:て.もらう,1:もらう,
て	x00:依頼,APPEND187:て.もらい,1:もらい,
て	x00:受益,APPEND188:て.もらい,1:もらい,
じゃん	x00:態度,APPEND189:じゃん,
で	x00:否定,APPEND190:で.も.あり.ませ.ん,1:も,2:あり,3:ませ,4:ん,
とけ	x00:勧め,APPEND191:とけ,
とけ	x00:結果状態,APPEND192:とけ,
たび	x00:反復,APPEND193:たび,
で	x00:願望,APPEND194:で.欲しい,1:欲しい,
わけ	x00:否定,APPEND195:わけ.ない,1:ない,
等	x00:例示,APPEND196:等,
筈	x00:判断,APPEND197:筈,
と	x00:例示,APPEND198:と.いう.か,1:いう,2:か,
で	x00:判断,APPEND199:で.も.あり.ます,1:も,2:あり,3:ます,
でも	x00:例示,APPEND200:でも,
でも	x00:逆接仮定,APPEND201:でも,
でも	x00:逆接確定,APPEND202:でも,
でも	x00:順接仮定,APPEND203:でも,
でも	x00:強調,APPEND204:でも,
でも	x00:許可,APPEND205:でも,
みたい	x00:例示,APPEND206:みたい,
みたい	x00:様態,APPEND207:みたい,
みたい	x00:推量-不確実,APPEND208:みたい,
みたい	x00:伝聞,APPEND209:みたい,
みたい	x00:比況,APPEND210:みたい,
ましょ	x00:判断,APPEND211:ましょ.う,1:う,
ましょ	x00:依頼,APPEND212:ましょ.う,1:う,
ましょ	x00:勧め,APPEND213:ましょ.う,1:う,
ましょ	x00:勧誘,APPEND214:ましょ.う,1:う,
れ	x00:判断,APPEND215:れ.まし,1:まし,
れ	x00:受身,APPEND216:れ.まし,1:まし,
て	x00:習慣,APPEND217:て.おり.ます,1:おり,2:ます,
て	x00:継続,APPEND218:て.おり.ます,1:おり,2:ます,
て	x00:結果状態,APPEND219:て.おり.ます,1:おり,2:ます,
ちゃ	x00:完了,APPEND220:ちゃ.い,1:い,
な	x00:態度,APPEND221:な.〜,1:〜,
ん	x00:疑問,APPEND222:ん.じゃ.ない.か,1:じゃ,2:ない,3:か,
れ	x00:判断,APPEND223:れ.ます,1:ます,
れ	x00:自発,APPEND224:れ.ます,1:ます,
れ	x00:受身,APPEND225:れ.ます,1:ます,
れ	x00:可能,APPEND226:れ.ます,1:ます,
っと	x00:自然発生,APPEND227:っと.なっ,1:なっ,
れ	x00:受身,APPEND228:れ.ませ,1:ませ,
れ	x00:可能,APPEND229:れ.ませ,1:ませ,
が	x00:勧め,APPEND230:が.いい,1:いい,
が	x00:願望,APPEND231:が.いい,1:いい,
なんて	x00:例示,APPEND232:なんて,
なんて	x00:感嘆,APPEND233:なんて,
なんて	x00:強調,APPEND234:なんて,
て	x00:依頼,APPEND235:て.くれれ,1:くれれ,
ほう	x00:勧め,APPEND236:ほう.が.いい,1:が,2:いい,
訳	x00:否定,APPEND237:訳.じゃ.ない,1:じゃ,2:ない,
て	x00:依頼,APPEND238:て.くれる,1:くれる,
て	x00:受益,APPEND239:て.くれる,1:くれる,
って	x00:判断,APPEND240:って.事,1:事,
事	x00:判断,APPEND241:事,
事	x00:名詞化,APPEND242:事,
事	x00:勧め,APPEND243:事,
でも	x00:許可,APPEND244:でも.いい.です,1:いい,2:です,
難い	x00:困難,APPEND245:難い,
らしい	x00:推量-不確実,APPEND246:らしい.です,1:です,
らしい	x00:伝聞,APPEND247:らしい.です,1:です,
ので	x00:順接確定,APPEND248:ので,
ので	x00:理由,APPEND249:ので,
じゃ	x00:否定,APPEND250:じゃ.ない.です,1:ない,2:です,
て	x00:依頼,APPEND251:て.いただけ,1:いただけ,
のに	x00:目的,APPEND252:のに,
のに	x00:逆接確定,APPEND253:のに,
のに	x00:理由,APPEND254:のに,
たら	x00:勧め,APPEND255:たら.いい,1:いい,
やす	x00:容易,APPEND256:やす,
ちゃっ	x00:無意志,APPEND257:ちゃっ.い.まし,1:い,2:まし,
という	x00:判断,APPEND258:という,
という	x00:名詞化,APPEND259:という,
という	x00:伝聞,APPEND260:という,
という	x00:内容,APPEND261:という,
で	x00:習慣,APPEND262:で.い.ます,1:い,2:ます,
で	x00:継続,APPEND263:で.い.ます,1:い,2:ます,
で	x00:結果状態,APPEND264:で.い.ます,1:い,2:ます,
て	x00:授与,APPEND265:て.やり,1:やり,
て	x00:依頼,APPEND266:て.いただき,1:いただき,
て	x00:受益,APPEND267:て.いただき,1:いただき,
よ	x00:態度,APPEND268:よ.ねぇ,1:ねぇ,
ん	x00:疑問,APPEND269:ん.でしょ.う.か,1:でしょ,2:う,3:か,
で	x00:結果状態,APPEND270:で.い.まし,1:い,2:まし,
限り	x00:順接仮定,APPEND271:限り,
間	x00:順接仮定,APPEND272:間,
ん	x00:疑問,APPEND273:ん.じゃ.ない.の.か,1:じゃ,2:ない,3:の,4:か,
せい	x00:理由,APPEND274:せい,
じゃ	x00:疑問,APPEND275:じゃ.ない.です.か,1:ない,2:です,3:か,
せ	x00:受益,APPEND276:せ.て.いただい,1:て,2:いただい,
っぱなし	x00:結果状態,APPEND277:っぱなし,
わけ	x00:不可能,APPEND278:わけ.に.は.いか.ない,1:に,2:は,3:いか,4:ない,
て	x00:依頼,APPEND279:て.ください.まし,1:ください,2:まし,
な	x00:理由,APPEND280:な.ので,1:ので,
なら	x00:順接仮定,APPEND281:なら.ば,1:ば,
なけれ	x00:当為,APPEND282:なけれ.ば.いけ.ない,1:ば,2:いけ,3:ない,
て	x00:着継続,APPEND283:て.き,1:き,
て	x00:方向,APPEND284:て.き,1:き,
よ	x00:態度,APPEND285:よ.なぁ,1:なぁ,
よー	x00:態度,APPEND286:よー,
う	x00:意志,APPEND287:う.と.し.ます,1:と,2:し,3:ます,
なく	x00:当為,APPEND288:なく.て.は.いけ.ませ.ん,1:て,2:は,3:いけ,4:ませ,5:ん,
こと	x00:可能,APPEND289:こと.は.できる,1:は,2:できる,
て	x00:依頼,APPEND290:て.くれ.ませ.ん.か,1:くれ,2:ませ,3:ん,4:か,
ちゃう	x00:完了,APPEND291:ちゃう,
ちゃう	x00:無意志,APPEND292:ちゃう,
で	x00:否定,APPEND293:で.は.ない.です,1:は,2:ない,3:です,
て	x00:依頼,APPEND294:て.下さる,1:下さる,
て	x00:習慣,APPEND295:て.居る,1:居る,
と	x00:比較,APPEND296:と.いう.より.も,1:いう,2:より,3:も,
いただけ	x00:依頼,APPEND297:いただけ.ませ.ん.か,1:ませ,2:ん,3:か,
下さい	x00:依頼,APPEND298:下さい,
がち	x00:容易,APPEND299:がち,
うる	x00:可能,APPEND300:うる,
せる	x00:使役,APPEND301:せる,
せよ	x00:使役,APPEND302:せよ,
て	x00:授与,APPEND303:て.やり.ます,1:やり,2:ます,
でしょ	x00:態度,APPEND304:でしょ,
でしょ	x00:推量-高確実性,APPEND305:でしょ,
でしょ	x00:疑問,APPEND306:でしょ,
で	x00:継続,APPEND307:で.ます,1:ます,
で	x00:結果状態,APPEND308:で.ます,1:ます,
なれ	x00:自然発生,APPEND309:なれ.ませ,1:ませ,
て	x00:試行,APPEND310:て.見,1:見,
の	x00:疑問,APPEND311:の.か.なぁ,1:か,2:なぁ,
で	x00:許可,APPEND312:で.いい.です,1:いい,2:です,
づらく	x00:困難,APPEND313:づらく,
て	x00:勧め,APPEND314:て.は.いかが.でしょ.う.か,1:は,2:いかが,3:でしょ,4:う,5:か,
っぽい	x00:様態,APPEND315:っぽい,
っぽい	x00:推量-不確実,APPEND316:っぽい,
じゃ	x00:否定,APPEND317:じゃ.なく,1:なく,
ねえ	x00:態度,APPEND318:ねえ,
の	x00:推量-不確実,APPEND319:の.かも.しれ.ませ.ん,1:かも,2:しれ,3:ませ,4:ん,
バラバラ	x00:判断,APPEND320:バラバラ,
でしょ	x00:自然発生,APPEND321:でしょ.う.が.ない.です,1:う,2:が,3:ない,4:です,
だ	x00:継起,APPEND322:だ.後,1:後,
じゃ	x00:否定,APPEND323:じゃ.ない,1:ない,
じゃ	x00:疑問,APPEND324:じゃ.ない,1:ない,
ねぇ	x00:態度,APPEND325:ねぇ,
られる	x00:受身,APPEND326:られる,
られる	x00:可能,APPEND327:られる,
か	x00:疑問,APPEND328:か.どう.か,1:どう,2:か,
で	x00:許可,APPEND329:で.良い.です,1:良い,2:です,
しか	x00:不可避,APPEND330:しか.ない,1:ない,
ば	x00:勧め,APPEND331:ば.いい,1:いい,
と	x00:順接仮定,APPEND332:と.なれ.ば,1:なれ,2:ば,
と	x00:判断,APPEND333:と.する,1:する,
て	x00:方向,APPEND334:て.行っ,1:行っ,
ちゃ	x00:授与,APPEND335:ちゃ.らん,1:らん,
たら	x00:勧め,APPEND336:たら.どう,1:どう,
なァ	x00:態度,APPEND337:なァ,
て	x00:逆接仮定,APPEND338:て.も,1:も,
て	x00:順接仮定,APPEND339:て.も,1:も,
て	x00:例示,APPEND340:て.も,1:も,
て	x00:順接確定,APPEND341:て.も,1:も,
て	x00:逆接確定,APPEND342:て.も,1:も,
て	x00:強調,APPEND343:て.も,1:も,
られ	x00:受身,APPEND344:られ,
られ	x00:使役,APPEND345:られ,
られ	x00:可能,APPEND346:られ,
こと	x00:可能,APPEND347:こと.でき.ます,1:でき,2:ます,
こと	x00:自然発生,APPEND348:こと.に.なる,1:に,2:なる,
こと	x00:名詞化,APPEND349:こと,
こと	x00:当為,APPEND350:こと,
こと	x00:勧め,APPEND351:こと,
か	x00:疑問,APPEND352:か.否.か,1:否,2:か,
もん	x00:意志,APPEND353:もん,
もん	x00:習慣,APPEND354:もん,
もん	x00:態度,APPEND355:もん,
なん	x00:判断,APPEND356:なん,
くせ	x00:逆接確定,APPEND357:くせ,
ため	x00:目的,APPEND358:ため.に,1:に,
申しあげ	x00:判断,APPEND359:申しあげ.ます,1:ます,
で	x00:疑問,APPEND360:で.は.ない.でしょ.う.か,1:は,2:ない,3:でしょ,4:う,5:か,
て	x00:依頼,APPEND361:て.貰え,1:貰え,
事	x00:判断,APPEND362:事.な,1:な,
に	x00:逆接仮定,APPEND363:に.し.て.も,1:し,2:て,3:も,
に	x00:自然発生,APPEND364:に.なれ.ませ,1:なれ,2:ませ,
こと	x00:不可能,APPEND365:こと.は.でき.ない,1:は,2:でき,3:ない,
じゃあ	x00:疑問,APPEND366:じゃあ.ない.か,1:ない,2:か,
なら	x00:順接仮定,APPEND367:なら,
なら	x00:自然発生,APPEND368:なら,
なら	x00:順接確定,APPEND369:なら,
なる	x00:自然発生,APPEND370:なる,
なり	x00:例示,APPEND371:なり,
なり	x00:自然発生,APPEND372:なり,
て	x00:依頼,APPEND373:て.貰い,1:貰い,
なれ	x00:自然発生,APPEND374:なれ,
と	x00:伝聞,APPEND375:と.の.事,1:の,2:事,
て	x00:結果状態,APPEND376:て.ある,1:ある,
ん	x00:推量-不確実,APPEND377:ん.でしょ.う,1:でしょ,2:う,
ん	x00:推量-高確実性,APPEND378:ん.でしょ.う,1:でしょ,2:う,
ん	x00:疑問,APPEND379:ん.でしょ.う,1:でしょ,2:う,
為	x00:目的,APPEND380:為.に,1:に,
ん	x00:疑問,APPEND381:ん.でしょ.か,1:でしょ,2:か,
よう	x00:内容,APPEND382:よう.に,1:に,
よう	x00:勧め,APPEND383:よう.に,1:に,
よう	x00:願望,APPEND384:よう.に,1:に,
よう	x00:依頼,APPEND385:よう.に,1:に,
よう	x00:目的,APPEND386:よう.に,1:に,
よう	x00:様態,APPEND387:よう.に,1:に,
よう	x00:推量-不確実,APPEND388:よう.な,1:な,
て	x00:勧め,APPEND389:て.は.どう.でしょ.う.か,1:は,2:どう,3:でしょ,4:う,5:か,
ん	x00:否定,APPEND390:ん.じゃ.なく.て,1:じゃ,2:なく,3:て,
ところ	x00:事前,APPEND391:ところ,
ところ	x00:逆接確定,APPEND392:ところ,
んで	x00:理由,APPEND393:んで,
で	x00:疑問,APPEND394:で.は.ない.の.か,1:は,2:ない,3:の,4:か,
て	x00:習慣,APPEND395:て.い.ます.か,1:い,2:ます,3:か,
とき	x00:結果状態,APPEND396:とき,
て	x00:方向,APPEND397:て.行き.まし,1:行き,2:まし,
の	x00:疑問,APPEND398:の.疑問,1:疑問,
と	x00:順接仮定,APPEND399:と.すれ.ば,1:すれ,2:ば,
に	x00:逆接確定,APPEND400:に.も.関わら.ず,1:も,2:関わら,3:ず,
やすい	x00:容易,APPEND401:やすい.です,1:です,
せ	x00:使役,APPEND402:せ.ませ,1:ませ,
と	x00:比較,APPEND403:と.いう.より,1:いう,2:より,
わけ	x00:否定,APPEND404:わけ.で.も.なく,1:で,2:も,3:なく,
こと	x00:感嘆,APPEND405:こと.か,1:か,
だ	x00:比較,APPEND406:だ.ほう,1:ほう,
です	x00:話題,APPEND407:です.が,1:が,
なく	x00:当為,APPEND408:なく.て.は.なり.ませ.ん,1:て,2:は,3:なり,4:ませ,5:ん,
ん	x00:疑問,APPEND409:ん.だ.か,1:だ,2:か,
られ	x00:受身,APPEND410:られ.ませ,1:ませ,
られ	x00:可能,APPEND411:られ.ませ,1:ませ,
こと	x00:意志,APPEND412:こと.に.し,1:に,2:し,
られ	x00:自発,APPEND413:られ.ます,1:ます,
られ	x00:受身,APPEND414:られ.ます,1:ます,
られ	x00:可能,APPEND415:られ.ます,1:ます,
の	x00:疑問,APPEND416:の.か.な,1:か,2:な,
さ	x00:判断,APPEND417:さ.れ,1:れ,
られ	x00:受身,APPEND418:られ.まし,1:まし,
られ	x00:可能,APPEND419:られ.まし,1:まし,
物	x00:習慣,APPEND420:物,
にくい	x00:困難,APPEND421:にくい,
つつ	x00:最中,APPEND422:つつ.あり.ます,1:あり,2:ます,
じゃ	x00:疑問,APPEND423:じゃ.ない.かい,1:ない,2:かい,
の	x00:疑問,APPEND424:の.だろ.う.か,1:だろ,2:う,3:か,
にくく	x00:困難,APPEND425:にくく,
よう	x00:意志,APPEND426:よう.に.さ,1:に,2:さ,
よう	x00:意志,APPEND427:よう.に.し,1:に,2:し,
て	x00:依頼,APPEND428:て.いただく,1:いただく,
だけ	x00:程度,APPEND429:だけ.で,1:で,
と	x00:勧め,APPEND430:と.いい,1:いい,
と	x00:願望,APPEND431:と.いい,1:いい,
の	x00:疑問,APPEND432:の.で.は.ない.でしょ.う.か,1:で,2:は,3:ない,4:でしょ,5:う,6:か,
と	x00:内容,APPEND433:と.いう,1:いう,
で	x00:習慣,APPEND434:で.い.ませ,1:い,2:ませ,
た	x00:勧め,APPEND435:た.方.が.よろしい,1:方,2:が,3:よろしい,
やん	x00:態度,APPEND436:やん,
うち	x00:順接仮定,APPEND437:うち.は,1:は,
しか	x00:不可避,APPEND438:しか.有り.ませ.ん,1:有り,2:ませ,3:ん,
うち	x00:順接仮定,APPEND439:うち.に,1:に,
つつ	x00:付帯-並行,APPEND440:つつ,
きり	x00:程度,APPEND441:きり,
から	x00:逆接確定,APPEND442:から.と.言っ.て,1:と,2:言っ,3:て,
て	x00:勧め,APPEND443:て.は.いかが.です.か,1:は,2:いかが,3:です,4:か,
て	x00:発継続,APPEND444:て.行く,1:行く,
て	x00:方向,APPEND445:て.行く,1:行く,
かな	x00:疑問,APPEND446:かな.ぁぁぁ,1:ぁぁぁ,
た	x00:勧め,APPEND447:た.方.が.良い.です,1:方,2:が,3:良い,4:です,
こと	x00:可能,APPEND448:こと.が.出来る,1:が,2:出来る,
です	x00:疑問,APPEND449:です.か,1:か,
きれ	x00:完了,APPEND450:きれ,
あと	x00:事後,APPEND451:あと,
きら	x00:完了,APPEND452:きら,
て	x00:依頼,APPEND453:て.頂け.まし,1:頂け,2:まし,
きる	x00:完了,APPEND454:きる,
かも	x00:推量-不確実,APPEND455:かも.知れ.ませ.ん,1:知れ,2:ませ,3:ん,
べく	x00:当為,APPEND456:べく.し.て,1:し,2:て,
後	x00:事後,APPEND457:後,
後	x00:継起,APPEND458:後,
た	x00:勧め,APPEND459:た.ほう.が.いい,1:ほう,2:が,3:いい,
て	x00:不許可,APPEND460:て.は.いけ.ない,1:は,2:いけ,3:ない,
ば	x00:順接仮定,APPEND461:ば,
ば	x00:逆接確定,APPEND462:ば,
ば	x00:勧め,APPEND463:ば,
ば	x00:順接確定,APPEND464:ば,
ば	x00:並立,APPEND465:ば,
ほう	x00:勧め,APPEND466:ほう.が.良い.です,1:が,2:良い,3:です,
です	x00:判断,APPEND467:です.よ,1:よ,
じゃ	x00:疑問,APPEND468:じゃ.なくっ.て,1:なくっ,2:て,
で	x00:許可,APPEND469:で.よけれ,1:よけれ,
て	x00:完了,APPEND470:て.しまい,1:しまい,
て	x00:無意志,APPEND471:て.しまい,1:しまい,
方	x00:比較,APPEND472:方,
の	x00:疑問,APPEND473:の.で.つ.か,1:で,2:つ,3:か,
て	x00:完了,APPEND474:て.しまえ,1:しまえ,
て	x00:無意志,APPEND475:て.しまえ,1:しまえ,
で	x00:許可,APPEND476:で.も.いい,1:も,2:いい,
て	x00:結果状態,APPEND477:て.おり,1:おり,
と	x00:自然発生,APPEND478:と.なる,1:なる,
て	x00:着継続,APPEND479:て.くる,1:くる,
て	x00:方向,APPEND480:て.くる,1:くる,
て	x00:依頼,APPEND481:て.く.だ.さぁ.〜.ィ,1:く,2:だ,3:さぁ,4:〜,5:ィ,
以上	x00:理由,APPEND482:以上,
で	x00:否定,APPEND483:で.は.無く,1:は,2:無く,
べき	x00:当為,APPEND484:べき,
訳	x00:否定,APPEND485:訳.じゃ.無い,1:じゃ,2:無い,
て	x00:完了,APPEND486:て.しまっ,1:しまっ,
て	x00:無意志,APPEND487:て.しまっ,1:しまっ,
で	x00:依頼,APPEND488:で.下さい,1:下さい,
の	x00:判断,APPEND489:の.です,1:です,
ほう	x00:勧め,APPEND490:ほう.が,1:が,
の	x00:判断,APPEND491:の.でし,1:でし,
で	x00:否定,APPEND492:で.は.なかっ,1:は,2:なかっ,
と	x00:順接仮定,APPEND493:と.なる.と,1:なる,2:と,
ばかり	x00:程度,APPEND494:ばかり,
ばかり	x00:事後,APPEND495:ばかり,
も	x00:逆接仮定,APPEND496:も,
も	x00:逆接確定,APPEND497:も,
も	x00:強調,APPEND498:も,
も	x00:並立,APPEND499:も,
で	x00:逆接仮定,APPEND500:で.も,1:も,
で	x00:逆接確定,APPEND501:で.も,1:も,
て	x00:試行,APPEND502:て.み.ませ,1:み,2:ませ,
や	x00:例示,APPEND503:や,
や	x00:態度,APPEND504:や,
ため	x00:目的,APPEND505:ため,
ため	x00:理由,APPEND506:ため,
て	x00:試行,APPEND507:て.み.まし,1:み,2:まし,
しか	x00:程度,APPEND508:しか,
よ	x00:態度,APPEND509:よ,
ぬ	x00:否定,APPEND510:ぬ,
たり	x00:例示,APPEND511:たり,
たり	x00:態度,APPEND512:たり,
たり	x00:添加,APPEND513:たり,
たり	x00:並立,APPEND514:たり,
で	x00:許可,APPEND515:で.良い,1:良い,
れ	x00:判断,APPEND516:れ,
れ	x00:自発,APPEND517:れ,
れ	x00:受身,APPEND518:れ,
れ	x00:可能,APPEND519:れ,
たら	x00:順接仮定,APPEND520:たら,
たら	x00:逆接確定,APPEND521:たら,
たら	x00:勧め,APPEND522:たら,
たら	x00:順接確定,APPEND523:たら,
ん	x00:判断,APPEND524:ん,
ん	x00:否定,APPEND525:ん,
ん	x00:疑問,APPEND526:ん,
ほう	x00:勧め,APPEND527:ほう.が.よい,1:が,2:よい,
て	x00:依頼,APPEND528:て.い.た.だけ.ます.でしょ.う.か,1:い,2:た,3:だけ,4:ます,5:でしょ,6:う,7:か,
て	x00:願望,APPEND529:て.欲しい.です,1:欲しい,2:です,
事	x00:可能,APPEND530:事.が.でき.ます,1:が,2:でき,3:ます,
れれ	x00:判断,APPEND531:れれ,
か	x00:態度,APPEND532:か.なぁ,1:なぁ,
か	x00:疑問,APPEND533:か.なぁ,1:なぁ,
で	x00:試行,APPEND534:で.み.まし,1:み,2:まし,
もん	x00:理由,APPEND535:もん.で,1:で,
て	x00:方向,APPEND536:て.いっ,1:いっ,
でしょ	x00:疑問,APPEND537:でしょ.う.か,1:う,2:か,
う	x00:意志,APPEND538:う.と,1:と,
ん	x00:疑問,APPEND539:ん.じゃ.ない.です.か,1:じゃ,2:ない,3:です,4:か,
て	x00:発継続,APPEND540:て.いき.ます,1:いき,2:ます,
の	x00:順接仮定,APPEND541:の.なら,1:なら,
ちゃう	x00:疑問,APPEND542:ちゃう.か,1:か,
だ	x00:疑問,APPEND543:だ.っけ,1:っけ,
こと	x00:理由,APPEND544:こと.から,1:から,
かも	x00:推量-不確実,APPEND545:かも.しれ.ませ.ん,1:しれ,2:ませ,3:ん,
で	x00:試行,APPEND546:で.みろ,1:みろ,
わけ	x00:否定,APPEND547:わけ.が.ない,1:が,2:ない,
こと	x00:可能,APPEND548:こと.も.でき,1:も,2:でき,
で	x00:試行,APPEND549:で.みよ,1:みよ,
こと	x00:不可能,APPEND550:こと.が.でき.なく,1:が,2:でき,3:なく,
て	x00:依頼,APPEND551:て.もらわ,1:もらわ,
こと	x00:不可能,APPEND552:こと.が.でき.ない,1:が,2:でき,3:ない,
せ	x00:授与,APPEND553:せ.て.上げ,1:て,2:上げ,
て	x00:許可,APPEND554:て.良い,1:良い,
なく	x00:不必要,APPEND555:なく.て.も.良い.です,1:て,2:も,3:良い,4:です,
ぜ	x00:態度,APPEND556:ぜ,
方	x00:勧め,APPEND557:方.が.いい.です,1:が,2:いい,3:です,
で	x00:無意志,APPEND558:で.しまい.ます,1:しまい,2:ます,
ん	x00:推量-高確実性,APPEND559:ん.でしょ,1:でしょ,
ん	x00:疑問,APPEND560:ん.でしょ,1:でしょ,
て	x00:結果状態,APPEND561:て.て,1:て,
がたく	x00:困難,APPEND562:がたく,
と	x00:逆接確定,APPEND563:と.言っ.て,1:言っ,2:て,
と	x00:伝聞,APPEND564:と.ゆう.こと,1:ゆう,2:こと,
と	x00:内容,APPEND565:と.言う,1:言う,
て	x00:起点,APPEND566:て.この.かた,1:この,2:かた,
と	x00:判断,APPEND567:と.言う.事,1:言う,2:事,
と	x00:判断,APPEND568:と.いう.こと,1:いう,2:こと,
として	x00:逆接仮定,APPEND569:として.も,1:も,
として	x00:順接仮定,APPEND570:として.も,1:も,
て	x00:完了,APPEND571:て.しまう,1:しまう,
て	x00:無意志,APPEND572:て.しまう,1:しまう,
モン	x00:感嘆,APPEND573:モン,
た	x00:勧め,APPEND574:た.方.が.いい.です,1:方,2:が,3:いい,4:です,
て	x00:継起,APPEND575:て.以来,1:以来,
て	x00:結果状態,APPEND576:て.おら,1:おら,
ほど	x00:程度,APPEND577:ほど,
って	x00:判断,APPEND578:って.こと,1:こと,
て	x00:依頼,APPEND579:て.くれ,1:くれ,
て	x00:願望,APPEND580:て.くれ,1:くれ,
と	x00:自然発生,APPEND581:と.なれ,1:なれ,
と	x00:順接仮定,APPEND582:と.し.たら,1:し,2:たら,
くせ	x00:逆接確定,APPEND583:くせ.に,1:に,
ほか	x00:添加,APPEND584:ほか,
で	x00:否定,APPEND585:で.なけれ,1:なけれ,
よう	x00:自然発生,APPEND586:よう.に.なり,1:に,2:なり,
よう	x00:自然発生,APPEND587:よう.に.なる,1:に,2:なる,
よう	x00:例示,APPEND588:よう,
よう	x00:内容,APPEND589:よう,
よう	x00:伝聞,APPEND590:よう,
よう	x00:目的,APPEND591:よう,
よう	x00:様態,APPEND592:よう,
よう	x00:推量-不確実,APPEND593:よう,
よう	x00:比況,APPEND594:よう,
ほう	x00:比較,APPEND595:ほう,
でしょ	x00:疑問,APPEND596:でしょ.う.か.？,1:う,2:か,3:？,
でも	x00:許可,APPEND597:でも.構わ.ない,1:構わ,2:ない,
こと	x00:自然発生,APPEND598:こと.に.なっ,1:に,2:なっ,
こと	x00:習慣,APPEND599:こと.に.なっ,1:に,2:なっ,
の	x00:推量-不確実,APPEND600:の.かも.知れ.ませ.ん,1:かも,2:知れ,3:ませ,4:ん,
て	x00:授与,APPEND601:て.やれ,1:やれ,
て	x00:付帯-続行,APPEND602:て.やれ,1:やれ,
する	x00:判断,APPEND603:する,
事	x00:可能,APPEND604:事.が.出来る,1:が,2:出来る,
ない	x00:当為,APPEND605:ない.と.いけ.ない,1:と,2:いけ,3:ない,
し	x00:判断,APPEND606:し.ます,1:ます,
て	x00:授与,APPEND607:て.やる,1:やる,
て	x00:依頼,APPEND608:て.いただけれ,1:いただけれ,
て	x00:依頼,APPEND609:て.貰っ,1:貰っ,
て	x00:依頼,APPEND610:て.いただける,1:いただける,
ない	x00:否定,APPEND611:ない.です,1:です,
かけ	x00:事前,APPEND612:かけ,
て	x00:授与,APPEND613:て.あげる,1:あげる,
っていう	x00:内容,APPEND614:っていう,
よ	x00:態度,APPEND615:よ.ねー,1:ねー,
こと	x00:不可能,APPEND616:こと.は.、.でき.ませ.ん,1:は,2:、,3:でき,4:ませ,5:ん,
て	x00:依頼,APPEND617:て.もらえれ,1:もらえれ,
うえ	x00:継起,APPEND618:うえ.で,1:で,
訳	x00:否定,APPEND619:訳.に.は.いか.ず,1:に,2:は,3:いか,4:ず,
て	x00:依頼,APPEND620:て.もらえる,1:もらえる,
て	x00:依頼,APPEND621:て.もらえ.ます,1:もらえ,2:ます,
て	x00:依頼,APPEND622:て.もらえ.ませ,1:もらえ,2:ませ,
いたし	x00:判断,APPEND623:いたし.ます,1:ます,
で	x00:疑問,APPEND624:で.ない.か,1:ない,2:か,
といった	x00:内容,APPEND625:といった,
で	x00:判断,APPEND626:で.くらい,1:くらい,
たら	x00:勧め,APPEND627:たら.よい,1:よい,
て	x00:依頼,APPEND628:て.貰い.まし,1:貰い,2:まし,
に	x00:判断,APPEND629:に,
に	x00:依頼,APPEND630:に,
に	x00:目的,APPEND631:に,
に	x00:強調,APPEND632:に,
な	x00:判断,APPEND633:な,
な	x00:不許可,APPEND634:な,
な	x00:依頼,APPEND635:な,
な	x00:否定,APPEND636:な,
な	x00:態度,APPEND637:な,
と	x00:順接仮定,APPEND638:と,
と	x00:判断,APPEND639:と,
と	x00:逆接確定,APPEND640:と,
と	x00:順接確定,APPEND641:と,
と	x00:内容,APPEND642:と,
は	x00:強調,APPEND643:は,
の	x00:態度,APPEND644:の,
の	x00:内容,APPEND645:の,
の	x00:話題,APPEND646:の,
の	x00:判断,APPEND647:の,
の	x00:名詞化,APPEND648:の,
の	x00:理由,APPEND649:の,
の	x00:疑問,APPEND650:の,
ね	x00:態度,APPEND651:ね,
ね	x00:疑問,APPEND652:ね,
て	x00:依頼,APPEND653:て.頂け.ます.でしょ.う.か,1:頂け,2:ます,3:でしょ,4:う,5:か,
だ	x00:判断,APPEND654:だ,
だ	x00:完了,APPEND655:だ,
だ	x00:結果状態,APPEND656:だ,
で	x00:逆接仮定,APPEND657:で,
で	x00:並立,APPEND658:で,
で	x00:継起,APPEND659:で,
で	x00:反復,APPEND660:で,
で	x00:願望,APPEND661:で,
で	x00:内容,APPEND662:で,
で	x00:結果状態,APPEND663:で,
で	x00:判断,APPEND664:で,
で	x00:手段,APPEND665:で,
で	x00:依頼,APPEND666:で,
で	x00:順接確定,APPEND667:で,
で	x00:理由,APPEND668:で,
で	x00:付帯-続行,APPEND669:で,
で	x00:付帯-並行,APPEND670:で,
て	x00:順接仮定,APPEND671:て,
て	x00:試行,APPEND672:て,
て	x00:継続,APPEND673:て,
て	x00:継起,APPEND674:て,
て	x00:内容,APPEND675:て,
て	x00:強調,APPEND676:て,
て	x00:反復,APPEND677:て,
て	x00:習慣,APPEND678:て,
て	x00:願望,APPEND679:て,
て	x00:並立,APPEND680:て,
て	x00:手段,APPEND681:て,
て	x00:依頼,APPEND682:て,
て	x00:順接確定,APPEND683:て,
て	x00:付帯-続行 ,APPEND684:て,
て	x00:理由,APPEND685:て,
て	x00:逆接確定,APPEND686:て,
て	x00:方向,APPEND687:て,
て	x00:結果状態,APPEND688:て,
て	x00:付帯-続行,APPEND689:て,
て	x00:付帯-並行,APPEND690:て,
て	x00:添加,APPEND691:て,
で	x00:許可,APPEND692:で.、.いい,1:、,2:いい,
せ	x00:受身,APPEND693:せ,
せ	x00:受益,APPEND694:せ,
せ	x00:使役,APPEND695:せ,
せ	x00:許可,APPEND696:せ,
ず	x00:否定,APPEND697:ず,
た	x00:判断,APPEND698:た,
た	x00:完了,APPEND699:た,
た	x00:結果状態,APPEND700:た,
ぞ	x00:態度,APPEND701:ぞ,
得	x00:可能,APPEND702:得.ます,1:ます,
け	x00:依頼,APPEND703:け,
し	x00:判断,APPEND704:し,
し	x00:態度,APPEND705:し,
し	x00:並立,APPEND706:し,
し	x00:添加,APPEND707:し,
し	x00:理由,APPEND708:し,
さ	x00:使役,APPEND709:さ,
さ	x00:態度,APPEND710:さ,
か	x00:並立,APPEND711:か,
か	x00:感嘆,APPEND712:か,
か	x00:態度,APPEND713:か,
か	x00:疑問,APPEND714:か,
に	x00:場合,APPEND715:に.より.ます,1:より,2:ます,
じゃ	x00:疑問,APPEND716:じゃ.ない.っす.か,1:ない,2:っす,3:か,
ない	x00:当為,APPEND717:ない.と,1:と,
が	x00:逆接仮定,APPEND718:が,
が	x00:添加,APPEND719:が,
が	x00:話題,APPEND720:が,
が	x00:名詞化,APPEND721:が,
が	x00:順接確定,APPEND722:が,
が	x00:逆接確定,APPEND723:が,
が	x00:態度,APPEND724:が,
さ	x00:様態,APPEND725:さ.そう,1:そう,
と	x00:話題,APPEND726:と.言う.と,1:言う,2:と,
う	x00:意志,APPEND727:う,
う	x00:勧め,APPEND728:う,
う	x00:勧誘,APPEND729:う,
事	x00:否定,APPEND730:事.は.ない,1:は,2:ない,
で	x00:判断,APPEND731:で.しか.あり.ませ.ん,1:しか,2:あり,3:ませ,4:ん,
こと	x00:可能,APPEND732:こと.も.出来,1:も,2:出来,
て	x00:依頼,APPEND733:て.く.だっ.さい,1:く,2:だっ,3:さい,
ほう	x00:勧め,APPEND734:ほう.が.よろしい.です,1:が,2:よろしい,3:です,
方	x00:勧め,APPEND735:方.が.良い,1:が,2:良い,
て	x00:起点,APPEND736:て.から,1:から,
て	x00:順接確定,APPEND737:て.から,1:から,
て	x00:継起,APPEND738:て.から,1:から,
で	x00:判断,APPEND739:で.も.ある,1:も,2:ある,
かしら	x00:態度,APPEND740:かしら,
て	x00:許可,APPEND741:て.よい,1:よい,
て	x00:依頼,APPEND742:て.くだされ,1:くだされ,
だら	x00:勧め,APPEND743:だら.よい,1:よい,
ください	x00:依頼,APPEND744:ください,
わけ	x00:否定,APPEND745:わけ.じゃ.ない,1:じゃ,2:ない,
て	x00:結果状態,APPEND746:て.あれ,1:あれ,
て	x00:授与,APPEND747:て.あげ,1:あげ,
程	x00:程度,APPEND748:程,
なり	x00:自然発生,APPEND749:なり.まし,1:まし,
にゃ	x00:当為,APPEND750:にゃ.なら.ない,1:なら,2:ない,
なり	x00:自然発生,APPEND751:なり.ませ,1:ませ,
なり	x00:自然発生,APPEND752:なり.ます,1:ます,
なさい	x00:依頼,APPEND753:なさい,
て	x00:継続,APPEND754:て.おい.で.です,1:おい,2:で,3:です,
て	x00:結果状態,APPEND755:て.あっ,1:あっ,
つもり	x00:意志,APPEND756:つもり,
もの	x00:否定,APPEND757:もの.で.は.勿論.あり.ませ.ん,1:で,2:は,3:勿論,4:あり,5:ませ,6:ん,
なくっ	x00:否定,APPEND758:なくっ,
の	x00:疑問,APPEND759:の.で.ござい.ましょ.う.か,1:で,2:ござい,3:ましょ,4:う,5:か,
こと	x00:可能,APPEND760:こと.が.できる,1:が,2:できる,
として	x00:順接仮定,APPEND761:として,
に	x00:逆接確定,APPEND762:に.も,1:も,
あり	x00:判断,APPEND763:あり.ます,1:ます,
ざる	x00:不可避,APPEND764:ざる.得.ませ.ん,1:得,2:ませ,3:ん,
ぐらい	x00:例示,APPEND765:ぐらい,
ぐらい	x00:程度,APPEND766:ぐらい,
で	x00:否定,APPEND767:で.ない,1:ない,
ん	x00:疑問,APPEND768:ん.です.かぁ,1:です,2:かぁ,
だけ	x00:程度,APPEND769:だけ,
だけ	x00:強調,APPEND770:だけ,
ば	x00:勧め,APPEND771:ば.良い,1:良い,
に	x00:判断,APPEND772:に.なれ,1:なれ,
に	x00:自然発生,APPEND773:に.なれ,1:なれ,
ちゃっ	x00:完了,APPEND774:ちゃっ,
ちゃっ	x00:無意志,APPEND775:ちゃっ,
わけ	x00:否定,APPEND776:わけ.で.は.ない,1:で,2:は,3:ない,
事	x00:可能,APPEND777:事.が.出来,1:が,2:出来,
の	x00:疑問,APPEND778:の.です.か,1:です,2:か,
ちゃ	x00:不許可,APPEND779:ちゃ.ダメ,1:ダメ,
かも	x00:推量-不確実,APPEND780:かも.しれ.ん,1:しれ,2:ん,
けれど	x00:逆接確定,APPEND781:けれど,
けれど	x00:添加,APPEND782:けれど,
けれど	x00:話題,APPEND783:けれど,
わけ	x00:否定,APPEND784:わけ.で.は.なく,1:で,2:は,3:なく,
なけれ	x00:当為,APPEND785:なけれ.ば.なら.ない,1:ば,2:なら,3:ない,
の	x00:推量-高確実性,APPEND786:の.だろ.う,1:だろ,2:う,
だり	x00:例示,APPEND787:だり,
て	x00:着継続,APPEND788:て.き.ます,1:き,2:ます,
て	x00:方向,APPEND789:て.き.ます,1:き,2:ます,
て	x00:試行,APPEND790:て.み.ます,1:み,2:ます,
て	x00:方向,APPEND791:て.き.ませ,1:き,2:ませ,
方	x00:勧め,APPEND792:方.が.いい,1:が,2:いい,
と	x00:逆接確定,APPEND793:と.言っ.て.も,1:言っ,2:て,3:も,
て	x00:勧め,APPEND794:て.は.どう.でしょ.う,1:は,2:どう,3:でしょ,4:う,
て	x00:依頼,APPEND795:て.頂い,1:頂い,
た	x00:勧め,APPEND796:た.ほう.が.良い,1:ほう,2:が,3:良い,
た	x00:完了,APPEND797:た.ほう.が.良い,1:ほう,2:が,3:良い,
ん	x00:疑問,APPEND798:ん.じゃ,1:じゃ,
て	x00:結果状態,APPEND799:て.あり.ます,1:あり,2:ます,
訳	x00:否定,APPEND800:訳.で.は.ない.です,1:で,2:は,3:ない,4:です,
う	x00:意志,APPEND801:う.と.する,1:と,2:する,
じゃ	x00:不許可,APPEND802:じゃ.いけ.ない,1:いけ,2:ない,
じゃ	x00:否定,APPEND803:じゃ.あり.ませ.ん,1:あり,2:ませ,3:ん,
わ	x00:態度,APPEND804:わ,
こと	x00:否定,APPEND805:こと.は.ない,1:は,2:ない,
よう	x00:自然発生,APPEND806:よう.に.なっ,1:に,2:なっ,
たら	x00:勧め,APPEND807:たら.ええ,1:ええ,
で	x00:許可,APPEND808:で.ＯＫ,1:ＯＫ,
に	x00:判断,APPEND809:に.なっ,1:なっ,
に	x00:自然発生,APPEND810:に.なっ,1:なっ,
なけれ	x00:当為,APPEND811:なけれ.ば.なり.ませ.ん,1:ば,2:なり,3:ませ,4:ん,
の	x00:疑問,APPEND812:の.でしょ.う.か,1:でしょ,2:う,3:か,
て	x00:許可,APPEND813:て.も.良い,1:も,2:良い,
て	x00:依頼,APPEND814:て.い.た.だけ.ませ.ん.か,1:い,2:た,3:だけ,4:ませ,5:ん,6:か,
そう	x00:様態,APPEND815:そう,
そう	x00:伝聞,APPEND816:そう,
そう	x00:推量-不確実,APPEND817:そう,
しか	x00:不可避,APPEND818:しか.ない.です,1:ない,2:です,
てれ	x00:結果状態,APPEND819:てれ,
て	x00:習慣,APPEND820:て.ばかり.いる,1:ばかり,2:いる,
ほう	x00:勧め,APPEND821:ほう.が.、.いい,1:が,2:、,3:いい,
ば	x00:勧め,APPEND822:ば.いい.です,1:いい,2:です,
てる	x00:判断,APPEND823:てる,
てる	x00:習慣,APPEND824:てる,
てる	x00:継続,APPEND825:てる,
てる	x00:結果状態,APPEND826:てる,
ず	x00:否定,APPEND827:ず.に,1:に,
に	x00:意志,APPEND828:に.する,1:する,
なく	x00:不必要,APPEND829:なく.て.よい,1:て,2:よい,
こと	x00:判断,APPEND830:こと.に.なり.ます,1:に,2:なり,3:ます,
こと	x00:自然発生,APPEND831:こと.に.なり.ます,1:に,2:なり,3:ます,
間	x00:順接仮定,APPEND832:間.に,1:に,
て	x00:不許可,APPEND833:て.は.いけ.ませ.ん,1:は,2:いけ,3:ませ,4:ん,
っていう	x00:順接仮定,APPEND834:っていう.なら,1:なら,
こと	x00:自然発生,APPEND835:こと.に.なり.まし,1:に,2:なり,3:まし,
ん	x00:疑問,APPEND836:ん.で.ねえ.の.か,1:で,2:ねえ,3:の,4:か,
で	x00:依頼,APPEND837:で.ください,1:ください,
た	x00:付帯-続行,APPEND838:た.まま,1:まま,
か	x00:疑問,APPEND839:か.ね,1:ね,
か	x00:態度,APPEND840:か.な,1:な,
か	x00:疑問,APPEND841:か.な,1:な,
など	x00:例示,APPEND842:など,
で	x00:依頼,APPEND843:で.くれ.ます,1:くれ,2:ます,
の	x00:推量-不確実,APPEND844:の.かも,1:かも,
でしょ	x00:疑問,APPEND845:でしょ.ー.か,1:ー,2:か,
なっ	x00:自然発生,APPEND846:なっ,
でし	x00:判断,APPEND847:でし,
らしい	x00:伝聞,APPEND848:らしい,
じゃ	x00:疑問,APPEND849:じゃ.ない.か.な,1:ない,2:か,3:な,
ちゃ	x00:順接仮定,APPEND850:ちゃ,
です	x00:判断,APPEND851:です,
らしく	x00:様態,APPEND852:らしく,
らしく	x00:推量-不確実,APPEND853:らしく,
なく	x00:否定,APPEND854:なく,
ない	x00:否定,APPEND855:ない,
ない	x00:可能,APPEND856:ない,
ない	x00:疑問,APPEND857:ない,
事	x00:不可能,APPEND858:事.が.出来.ない.です,1:が,2:出来,3:ない,4:です,
なぁ	x00:態度,APPEND859:なぁ,
なあ	x00:態度,APPEND860:なあ,
と	x00:習慣,APPEND861:と.言う.もの,1:言う,2:もの,
しょ	x00:勧め,APPEND862:しょ.う,1:う,
う	x00:意志,APPEND863:う.と.せ,1:と,2:せ,
た	x00:継起,APPEND864:た.末,1:末,
か	x00:様態,APPEND865:か.の.よう,1:の,2:よう,
う	x00:意志,APPEND866:う.と.し,1:と,2:し,
トルネードマート	x00:理由,APPEND867:トルネードマート,
こと	x00:可能,APPEND868:こと.は.でき,1:は,2:でき,
いい	x00:勧め,APPEND869:いい.です,1:です,
で	x00:否定,APPEND870:で.は.なく.て,1:は,2:なく,3:て,
せ	x00:受益,APPEND871:せ.て.もらっ,1:て,2:もらっ,
た	x00:勧め,APPEND872:た.方.が.いい,1:方,2:が,3:いい,
れる	x00:自発,APPEND873:れる,
れる	x00:判断,APPEND874:れる,
れる	x00:無意味,APPEND875:れる,
れる	x00:受身,APPEND876:れる,
れる	x00:強調,APPEND877:れる,
れる	x00:可能,APPEND878:れる,
て	x00:勧め,APPEND879:て.は.どう.です.か,1:は,2:どう,3:です,4:か,
なく	x00:不必要,APPEND880:なく.ていい,1:ていい,
事	x00:感嘆,APPEND881:事.か,1:か,
で	x00:許可,APPEND882:で.いい,1:いい,
方	x00:勧め,APPEND883:方.が.よい,1:が,2:よい,
でし	x00:疑問,APPEND884:でし.た,1:た,
み	x00:伝聞,APPEND885:み.たい,1:たい,
み	x00:比況,APPEND886:み.たい,1:たい,
わけ	x00:否定,APPEND887:わけ.で.は.あり.ませ.ん,1:で,2:は,3:あり,4:ませ,5:ん,
で	x00:方向,APPEND888:で.いく,1:いく,
ん	x00:理由,APPEND889:ん.だ.から,1:だ,2:から,
しか	x00:不可避,APPEND890:しか.あり.ませ.ん,1:あり,2:ませ,3:ん,
こと	x00:自然発生,APPEND891:こと.に.なり,1:に,2:なり,
て	x00:依頼,APPEND892:て.ください,1:ください,
て	x00:願望,APPEND893:て.ください,1:ください,
せ	x00:受益,APPEND894:せ.て.頂き.まし,1:て,2:頂き,3:まし,
と	x00:勧め,APPEND895:と.いい.です,1:いい,2:です,
て	x00:結果状態,APPEND896:て.は.い.ませ,1:は,2:い,3:ませ,
こと	x00:可能,APPEND897:こと.も.でき.ます,1:も,2:でき,3:ます,
た	x00:比較,APPEND898:た.ほう,1:ほう,
た	x00:勧め,APPEND899:た.ほう,1:ほう,
の	x00:推量-不確実,APPEND900:の.かも.しれ.ない,1:かも,2:しれ,3:ない,
て	x00:依頼,APPEND901:て.くださっ,1:くださっ,
事	x00:自然発生,APPEND902:事.に.なり.まし,1:に,2:なり,3:まし,
ん	x00:疑問,APPEND903:ん.で.は.ない.でしょ.う.か,1:で,2:は,3:ない,4:でしょ,5:う,6:か,
ない	x00:当為,APPEND904:ない.と.いけ.なかっ,1:と,2:いけ,3:なかっ,
事	x00:自然発生,APPEND905:事.に.なり.ます,1:に,2:なり,3:ます,
で	x00:継続,APPEND906:で.おり.ます,1:おり,2:ます,
こと	x00:可能,APPEND907:こと.が.出来.まし,1:が,2:出来,3:まし,
でしょ	x00:判断,APPEND908:でしょ.う,1:う,
でしょ	x00:勧め,APPEND909:でしょ.う,1:う,
でしょ	x00:態度,APPEND910:でしょ.う,1:う,
でしょ	x00:推量-高確実性,APPEND911:でしょ.う,1:う,
でしょ	x00:疑問,APPEND912:でしょ.う,1:う,
たい	x00:願望,APPEND913:たい.です,1:です,
こと	x00:可能,APPEND914:こと.が.出来.ませ,1:が,2:出来,3:ませ,
ものの	x00:逆接確定,APPEND915:ものの,
こと	x00:可能,APPEND916:こと.が.出来.ます,1:が,2:出来,3:ます,
せ	x00:受益,APPEND917:せ.て.いただき.まし,1:て,2:いただき,3:まし,
こと	x00:不可能,APPEND918:こと.は.でき.ませ.ん,1:は,2:でき,3:ませ,4:ん,
じゃ	x00:疑問,APPEND919:じゃ.ない.でしょ.う.か,1:ない,2:でしょ,3:う,4:か,
ながら	x00:逆接確定,APPEND920:ながら,
ながら	x00:付帯-続行,APPEND921:ながら,
ながら	x00:付帯-並行,APPEND922:ながら,
に	x00:意志,APPEND923:に.し.ます,1:し,2:ます,
で	x00:否定,APPEND924:で.なく,1:なく,
でも	x00:許可,APPEND925:でも.かまい.ませ.ん,1:かまい,2:ませ,3:ん,
はず	x00:否定,APPEND926:はず.が.ない,1:が,2:ない,
た	x00:疑問,APPEND927:た.っけ,1:っけ,
て	x00:無意味,APPEND928:て.しまい.まし,1:しまい,2:まし,
て	x00:無意志,APPEND929:て.しまい.まし,1:しまい,2:まし,
に	x00:自然発生,APPEND930:に.なり.まし,1:なり,2:まし,
でも	x00:許可,APPEND931:でも.いい,1:いい,
わけ	x00:判断,APPEND932:わけ,
に	x00:判断,APPEND933:に.なり.ます,1:なり,2:ます,
に	x00:自然発生,APPEND934:に.なり.ます,1:なり,2:ます,
なく	x00:不必要,APPEND935:なく.て.も.いい,1:て,2:も,3:いい,
訳	x00:否定,APPEND936:訳.で.は.あり.ませ.ん,1:で,2:は,3:あり,4:ませ,5:ん,
て	x00:無意志,APPEND937:て.しまい.ます,1:しまい,2:ます,
に	x00:自然発生,APPEND938:に.なれる,1:なれる,
こと	x00:不可能,APPEND939:こと.は.出来.ない,1:は,2:出来,3:ない,
でしょ	x00:疑問,APPEND940:でしょ.か,1:か,
かも	x00:推量-不確実,APPEND941:かも.しん.ない,1:しん,2:ない,
て	x00:勧め,APPEND942:て.は.如何.でしょ.う,1:は,2:如何,3:でしょ,4:う,
反面	x00:対比,APPEND943:反面,
や	x00:態度,APPEND944:や.な,1:な,
ござい	x00:判断,APPEND945:ござい.まし,1:まし,
て	x00:勧め,APPEND946:て.は.いかが.でしょ.う,1:は,2:いかが,3:でしょ,4:う,
より	x00:比較,APPEND947:より,
せ	x00:受益,APPEND948:せ.て.もらう,1:て,2:もらう,
せ	x00:受益,APPEND949:せ.て.もらい,1:て,2:もらい,
わけ	x00:否定,APPEND950:わけ.に.も.いか.ない,1:に,2:も,3:いか,4:ない,
で	x00:不許可,APPEND951:で.は.いけ.ない,1:は,2:いけ,3:ない,
でも	x00:許可,APPEND952:でも.良い.です,1:良い,2:です,
かも	x00:推量-不確実,APPEND953:かも,
かも	x00:推量-高確実性,APPEND954:かも,
て	x00:依頼,APPEND955:て.下さい,1:下さい,
て	x00:結果状態,APPEND956:て.おけ,1:おけ,
て	x00:方向,APPEND957:て.こい,1:こい,
事	x00:不必要,APPEND958:事.は.無い,1:は,2:無い,
から	x00:例示,APPEND959:から,
から	x00:態度,APPEND960:から,
から	x00:理由,APPEND961:から,
たら	x00:勧め,APPEND962:たら.どう.でしょ.う,1:どう,2:でしょ,3:う,
っぽい	x00:推量-不確実,APPEND963:っぽい.です,1:です,
て	x00:自然発生,APPEND964:て.おい,1:おい,
て	x00:結果状態,APPEND965:て.おい,1:おい,
事	x00:不可能,APPEND966:事.が.でき.ず,1:が,2:でき,3:ず,
た	x00:勧め,APPEND967:た.方.が.よかっ,1:方,2:が,3:よかっ,
て	x00:結果状態,APPEND968:て.おき,1:おき,
て	x00:結果状態,APPEND969:て.おく,1:おく,
て	x00:授与,APPEND970:て.あげれ,1:あげれ,
て	x00:結果状態,APPEND971:て.おか,1:おか,
でも	x00:否定,APPEND972:でも.ない.です,1:ない,2:です,
て	x00:結果状態,APPEND973:て.た,1:た,
て	x00:依頼,APPEND974:て.下さっ,1:下さっ,
まひ	x00:勧誘,APPEND975:まひ.ょ,1:ょ,
て	x00:判断,APPEND976:て.こと,1:こと,
た	x00:継起,APPEND977:た.後,1:後,
う	x00:意志,APPEND978:う.として,1:として,
という	x00:判断,APPEND979:という.こと.に.なり.ます,1:こと,2:に,3:なり,4:ます,
という	x00:自然発生,APPEND980:という.こと.に.なり.ます,1:こと,2:に,3:なり,4:ます,
で	x00:判断,APPEND981:で.も.有り.ます,1:も,2:有り,3:ます,
で	x00:依頼,APPEND982:で.くれ,1:くれ,
はず	x00:判断,APPEND983:はず,
で	x00:方向,APPEND984:で.くる,1:くる,
ませ	x00:判断,APPEND985:ませ.ん,1:ん,
ませ	x00:否定,APPEND986:ませ.ん,1:ん,
ませ	x00:疑問,APPEND987:ませ.ん,1:ん,
て	x00:試行,APPEND988:て.み,1:み,
事	x00:可能,APPEND989:事.は.出来.ます,1:は,2:出来,3:ます,
気	x00:推量-不確実,APPEND990:気.が.し.ます,1:が,2:し,3:ます,
にくい	x00:困難,APPEND991:にくい.です,1:です,
ば	x00:勧め,APPEND992:ば.いいん,1:いいん,
様	x00:意志,APPEND993:様.に.し,1:に,2:し,
て	x00:順接仮定,APPEND994:て.は,1:は,
て	x00:勧め,APPEND995:て.は,1:は,
て	x00:順接確定,APPEND996:て.は,1:は,
て	x00:勧誘,APPEND997:て.は,1:は,
て	x00:反復,APPEND998:て.は,1:は,
て	x00:方向,APPEND999:て.こ,1:こ,
た	x00:同時性,APPEND1000:た.とたん.に,1:とたん,2:に,
によって	x00:場合,APPEND1001:によって,
て	x00:願望,APPEND1002:て.ほしく,1:ほしく,
でる	x00:習慣,APPEND1003:でる,
でる	x00:継続,APPEND1004:でる,
でる	x00:結果状態,APPEND1005:でる,
て	x00:結果状態,APPEND1006:て.いらっしゃる,1:いらっしゃる,
て	x00:結果状態,APPEND1007:て.置い,1:置い,
て	x00:願望,APPEND1008:て.ほしい,1:ほしい,
て	x00:依頼,APPEND1009:て.くれ.ます,1:くれ,2:ます,
て	x00:依頼,APPEND1010:て.くれ.ませ,1:くれ,2:ませ,
で	x00:否定,APPEND1011:で.は.なく,1:は,2:なく,
けど	x00:順接確定,APPEND1012:けど,
けど	x00:逆接確定,APPEND1013:けど,
けど	x00:添加,APPEND1014:けど,
けど	x00:話題,APPEND1015:けど,
けど	x00:態度,APPEND1016:けど,
ちゃい	x00:無意志,APPEND1017:ちゃい.まし,1:まし,
で	x00:判断,APPEND1018:で.あり.ます,1:あり,2:ます,
て	x00:習慣,APPEND1019:て.い,1:い,
て	x00:継続,APPEND1020:て.い,1:い,
て	x00:結果状態,APPEND1021:て.い,1:い,
で	x00:否定,APPEND1022:で.は.ない,1:は,2:ない,
で	x00:疑問,APPEND1023:で.は.ない,1:は,2:ない,
ほう	x00:勧め,APPEND1024:ほう.が.良い,1:が,2:良い,
。	x00:態度,APPEND1025:。,
て	x00:依頼,APPEND1026:て.頂け.ませ.ん.か,1:頂け,2:ませ,3:ん,4:か,
て	x00:着継続,APPEND1027:て.き.まし,1:き,2:まし,
て	x00:方向,APPEND1028:て.き.まし,1:き,2:まし,
て	x00:依頼,APPEND1029:て.くれ.まし,1:くれ,2:まし,
か	x00:態度,APPEND1030:か.よ,1:よ,
と	x00:判断,APPEND1031:と.言う.こと,1:言う,2:こと,
じゃ	x00:態度,APPEND1032:じゃ.ない.の,1:ない,2:の,
くらい	x00:程度,APPEND1033:くらい,
の	x00:勧め,APPEND1034:の.ほう.が.よい,1:ほう,2:が,3:よい,
で	x00:否定,APPEND1035:で.は.あり.ませ.ん,1:は,2:あり,3:ませ,4:ん,
という	x00:判断,APPEND1036:という.こと,1:こと,
という	x00:伝聞,APPEND1037:という.こと,1:こと,
かも	x00:推量-不確実,APPEND1038:かも.知れ.ない,1:知れ,2:ない,
と	x00:判断,APPEND1039:と.さ.れる,1:さ,2:れる,
と	x00:習慣,APPEND1040:と.さ.れる,1:さ,2:れる,
させ	x00:使役,APPEND1041:させ,
なく	x00:当為,APPEND1042:なく.て.は.なら.ない,1:て,2:は,3:なら,4:ない,
こと	x00:不必要,APPEND1043:こと.も.ない,1:も,2:ない,
の	x00:判断,APPEND1044:の.で.あっ,1:で,2:あっ,
の	x00:逆接確定,APPEND1045:の.に,1:に,
じゃ	x00:疑問,APPEND1046:じゃ.ない.か,1:ない,2:か,
と	x00:順接仮定,APPEND1047:と.する.と,1:する,2:と,
と	x00:逆接確定,APPEND1048:と.は.いえ,1:は,2:いえ,
訳	x00:否定,APPEND1049:訳.で.は.なく,1:で,2:は,3:なく,
よ	x00:完了,APPEND1050:よ.ね,1:ね,
よ	x00:態度,APPEND1051:よ.ね,1:ね,
よ	x00:疑問,APPEND1052:よ.ね,1:ね,
事	x00:不必要,APPEND1053:事.も.ない.です,1:も,2:ない,3:です,
ん	x00:疑問,APPEND1054:ん.です.か,1:です,2:か,
で	x00:習慣,APPEND1055:で.いる,1:いる,
で	x00:継続,APPEND1056:で.いる,1:いる,
で	x00:結果状態,APPEND1057:で.いる,1:いる,
ないし	x00:否定,APPEND1058:ないし,
て	x00:方向,APPEND1059:て.来.まし,1:来,2:まし,
こと	x00:不必要,APPEND1060:こと.ない,1:ない,
て	x00:例示,APPEND1061:て.まで,1:まで,
で	x00:自然発生,APPEND1062:で.たまり.ませ.ん,1:たまり,2:ませ,3:ん,
られれ	x00:受身,APPEND1063:られれ,
が	x00:目的,APPEND1064:が.ため,1:ため,
で	x00:結果状態,APPEND1065:で.は.いれ,1:は,2:いれ,
ほう	x00:勧め,APPEND1066:ほう.が.いい.です,1:が,2:いい,3:です,
て	x00:継起,APPEND1067:て.初めて,1:初めて,
で	x00:否定,APPEND1068:で.は.無い,1:は,2:無い,
て	x00:習慣,APPEND1069:て.ます,1:ます,
て	x00:継続,APPEND1070:て.ます,1:ます,
て	x00:結果状態,APPEND1071:て.ます,1:ます,
で	x00:判断,APPEND1072:で.は.ある,1:は,2:ある,
て	x00:習慣,APPEND1073:て.ませ,1:ませ,
て	x00:継続,APPEND1074:て.ませ,1:ませ,
て	x00:結果状態,APPEND1075:て.ませ,1:ませ,
が	x00:勧め,APPEND1076:が.いい.です,1:いい,2:です,
の	x00:判断,APPEND1077:の.で.ござい.ます,1:で,2:ござい,3:ます,
て	x00:習慣,APPEND1078:て.まし,1:まし,
て	x00:継続,APPEND1079:て.まし,1:まし,
て	x00:結果状態,APPEND1080:て.まし,1:まし,
だろ	x00:推量-高確実性,APPEND1081:だろ,
だろ	x00:疑問,APPEND1082:だろ,
に	x00:自然発生,APPEND1083:に.なろ,1:なろ,
に	x00:自然発生,APPEND1084:に.なり,1:なり,
に	x00:判断,APPEND1085:に.なる,1:なる,
に	x00:自然発生,APPEND1086:に.なる,1:なる,
だら	x00:順接仮定,APPEND1087:だら,
に	x00:判断,APPEND1088:に.なら,1:なら,
に	x00:自然発生,APPEND1089:に.なら,1:なら,
に	x00:意志,APPEND1090:に.し,1:し,
て	x00:許可,APPEND1091:て.も.かまい.ませ.ん,1:も,2:かまい,3:ませ,4:ん,
た	x00:願望,APPEND1092:た.がり.ます,1:がり,2:ます,
で	x00:結果状態,APPEND1093:で.いれる,1:いれる,
と	x00:感嘆,APPEND1094:と.は,1:は,
と	x00:疑問,APPEND1095:と.は,1:は,
と	x00:内容,APPEND1096:と.の,1:の,
と	x00:判断,APPEND1097:と.なっ,1:なっ,
と	x00:自然発生,APPEND1098:と.なっ,1:なっ,
為	x00:目的,APPEND1099:為,
為	x00:理由,APPEND1100:為,
た	x00:逆接確定,APPEND1101:た.ところ,1:ところ,
た	x00:継起,APPEND1102:た.ところ,1:ところ,
ば	x00:勧め,APPEND1103:ば.よい,1:よい,
いただく	x00:依頼,APPEND1104:いただく,
いただき	x00:依頼,APPEND1105:いただき,
なけれ	x00:否定,APPEND1106:なけれ,
なけれ	x00:当為,APPEND1107:なけれ,
と	x00:判断,APPEND1108:と.さ,1:さ,
と	x00:意志,APPEND1109:と.し,1:し,
いただい	x00:依頼,APPEND1110:いただい,
の	x00:疑問,APPEND1111:の.で.は.ない.です.か,1:で,2:は,3:ない,4:です,5:か,
に	x00:目的,APPEND1112:に.は,1:は,
と	x00:例示,APPEND1113:と.か,1:か,
に	x00:自然発生,APPEND1114:に.成り.ます,1:成り,2:ます,
こと	x00:名詞化,APPEND1115:こと.ます,1:ます,
に	x00:推量-高確実性,APPEND1116:に.きまっ.てる,1:きまっ,2:てる,
とも	x00:逆接仮定,APPEND1117:とも,
前	x00:事前,APPEND1118:前.に,1:に,
られ	x00:不可能,APPEND1119:られ.ない,1:ない,
た	x00:継起,APPEND1120:た.あと,1:あと,
と	x00:逆接仮定,APPEND1121:と.いえ.ども,1:いえ,2:ども,
て	x00:依頼,APPEND1122:て.もらっ,1:もらっ,
て	x00:願望,APPEND1123:て.欲しい,1:欲しい,
易く	x00:容易,APPEND1124:易く,
無い	x00:否定,APPEND1125:無い,
て	x00:無意志,APPEND1126:て.しかた.あり.ませ.ん,1:しかた,2:あり,3:ませ,4:ん,
に	x00:自然発生,APPEND1127:に.も.なる,1:も,2:なる,
て	x00:願望,APPEND1128:て.欲しく,1:欲しく,
た	x00:同時性,APPEND1129:た.途端,1:途端,
う	x00:意志,APPEND1130:う.とっ,1:とっ,
だろ	x00:感嘆,APPEND1131:だろ.う,1:う,
だろ	x00:推量-高確実性,APPEND1132:だろ.う,1:う,
て	x00:願望,APPEND1133:て.ほしい.です,1:ほしい,2:です,
もん	x00:判断,APPEND1134:もん.です,1:です,
て	x00:依頼,APPEND1135:て.頂き.まし,1:頂き,2:まし,
でしょ	x00:疑問,APPEND1136:でしょ.う.か.。,1:う,2:か,3:。,
ねー	x00:態度,APPEND1137:ねー,
